==========================================
reduce in PSISING-MAUDEL-10-SITE : init(0) .
rewrites: 62
result Cells: < 0,0 > :: [1,0]
; < 0,1 > :: [1,0]
; < 0,2 > :: [1,0]
; < 0,3 > :: [1,0]
; < 0,4 > :: [1,0]
; < 0,5 > :: [1,0]
; < 0,6 > :: [1,0]
; < 0,7 > :: [1,0]
; < 0,8 > :: [1,0]
; < 0,9 > :: [1,0]
==========================================
reduce in PSISING-MAUDEL-10-SITE : [2 < 0] ? spinUp : spinDown .
rewrites: 16
result State: [0,1]
==========================================
reduce in PSISING-MAUDEL-10-SITE : [2 < x] ? spinUp : spinDown .
rewrites: 12
result State: [[2 < x],1 - [2 < x]]
==========================================
reduce in PSISING-MAUDEL-10-SITE : [init(0)] .
rewrites: 1217
result Conf: [< 0,0 > :: [1,0] -> [1 - e ^ -1/15,e ^ -1/15]
; < 0,1 > :: [1,0] -> [1 - e ^ -1/15,e ^ -1/15]
; < 0,2 > :: [1,0] -> [1 - e ^ -1/15,e ^ -1/15]
; < 0,3 > :: [1,0] -> [1 - e ^ -1/15,e ^ -1/15]
; < 0,4 > :: [1,0] -> [1 - e ^ -1/15,e ^ -1/15]
; < 0,5 > :: [1,0] -> [1 - e ^ -1/15,e ^ -1/15]
; < 0,6 > :: [1,0] -> [1 - e ^ -1/15,e ^ -1/15]
; < 0,7 > :: [1,0] -> [1 - e ^ -1/15,e ^ -1/15]
; < 0,8 > :: [1,0] -> [1 - e ^ -1/15,e ^ -1/15]
; < 0,9 > :: [1,0] -> [1 - e ^ -1/15,e ^ -1/15]]
==========================================
reduce in PSISING-MAUDEL-10-SITE : [init(1)] .
rewrites: 1217
result Conf: [< 0,0 > :: [0,1] -> [e ^ -1/15,1 - e ^ -1/15]
; < 0,1 > :: [0,1] -> [e ^ -1/15,1 - e ^ -1/15]
; < 0,2 > :: [0,1] -> [e ^ -1/15,1 - e ^ -1/15]
; < 0,3 > :: [0,1] -> [e ^ -1/15,1 - e ^ -1/15]
; < 0,4 > :: [0,1] -> [e ^ -1/15,1 - e ^ -1/15]
; < 0,5 > :: [0,1] -> [e ^ -1/15,1 - e ^ -1/15]
; < 0,6 > :: [0,1] -> [e ^ -1/15,1 - e ^ -1/15]
; < 0,7 > :: [0,1] -> [e ^ -1/15,1 - e ^ -1/15]
; < 0,8 > :: [0,1] -> [e ^ -1/15,1 - e ^ -1/15]
; < 0,9 > :: [0,1] -> [e ^ -1/15,1 - e ^ -1/15]]
==========================================
search [2] in PSISING-MAUDEL-10-SITE : [init(0)] =>* {CS:Cells} .

Solution 1 (state 1)
states: 2  rewrites: 1228
CS:Cells --> < 0,0 > :: [1 - e ^ -1/15,e ^ -1/15]
; < 0,1 > :: [1 - e ^ -1/15,e ^ -1/15]
; < 0,2 > :: [1 - e ^ -1/15,e ^ -1/15]
; < 0,3 > :: [1 - e ^ -1/15,e ^ -1/15]
; < 0,4 > :: [1 - e ^ -1/15,e ^ -1/15]
; < 0,5 > :: [1 - e ^ -1/15,e ^ -1/15]
; < 0,6 > :: [1 - e ^ -1/15,e ^ -1/15]
; < 0,7 > :: [1 - e ^ -1/15,e ^ -1/15]
; < 0,8 > :: [1 - e ^ -1/15,e ^ -1/15]
; < 0,9 > :: [1 - e ^ -1/15,e ^ -1/15]

Solution 2 (state 3)
states: 4  rewrites: 1945
CS:Cells --> < 0,0 > :: [((1 - e ^ -1/15) * (1 - e ^ (- ((e ^ -1/15 * (1 - e ^
    -1/15 - e ^ -1/15) + e ^ -1/15 * (1 - e ^ -1/15 - e ^ -1/15) + (1 - e ^
    -1/15) * (e ^ -1/15 - (1 - e ^ -1/15)) + (1 - e ^ -1/15) * (e ^ -1/15 - (1
    - e ^ -1/15))) * -1/2 - (e ^ -1/15 * (e ^ -1/15 - (1 - e ^ -1/15)) + e ^
    -1/15 * (e ^ -1/15 - (1 - e ^ -1/15)) + (1 - e ^ -1/15) * (1 - e ^ -1/15 -
    e ^ -1/15) + (1 - e ^ -1/15) * (1 - e ^ -1/15 - e ^ -1/15)) * -1/2) / 30))
    + e ^ (e + -1/15)) * (1 - [(e ^ -1/15 * (1 - e ^ -1/15 - e ^ -1/15) + e ^
    -1/15 * (1 - e ^ -1/15 - e ^ -1/15) + (1 - e ^ -1/15) * (e ^ -1/15 - (1 - e
    ^ -1/15)) + (1 - e ^ -1/15) * (e ^ -1/15 - (1 - e ^ -1/15))) * -1/2 - (e ^
    -1/15 * (e ^ -1/15 - (1 - e ^ -1/15)) + e ^ -1/15 * (e ^ -1/15 - (1 - e ^
    -1/15)) + (1 - e ^ -1/15) * (1 - e ^ -1/15 - e ^ -1/15) + (1 - e ^ -1/15) *
    (1 - e ^ -1/15 - e ^ -1/15)) * -1/2 < 0]) + e ^ -1/15 * [(e ^ -1/15 * (1 -
    e ^ -1/15 - e ^ -1/15) + e ^ -1/15 * (1 - e ^ -1/15 - e ^ -1/15) + (1 - e ^
    -1/15) * (e ^ -1/15 - (1 - e ^ -1/15)) + (1 - e ^ -1/15) * (e ^ -1/15 - (1
    - e ^ -1/15))) * -1/2 - (e ^ -1/15 * (e ^ -1/15 - (1 - e ^ -1/15)) + e ^
    -1/15 * (e ^ -1/15 - (1 - e ^ -1/15)) + (1 - e ^ -1/15) * (1 - e ^ -1/15 -
    e ^ -1/15) + (1 - e ^ -1/15) * (1 - e ^ -1/15 - e ^ -1/15)) * -1/2 < 0],(e
    ^ -1/15 * (1 - e ^ (- ((e ^ -1/15 * (1 - e ^ -1/15 - e ^ -1/15) + e ^ -1/15
    * (1 - e ^ -1/15 - e ^ -1/15) + (1 - e ^ -1/15) * (e ^ -1/15 - (1 - e ^
    -1/15)) + (1 - e ^ -1/15) * (e ^ -1/15 - (1 - e ^ -1/15))) * -1/2 - (e ^
    -1/15 * (e ^ -1/15 - (1 - e ^ -1/15)) + e ^ -1/15 * (e ^ -1/15 - (1 - e ^
    -1/15)) + (1 - e ^ -1/15) * (1 - e ^ -1/15 - e ^ -1/15) + (1 - e ^ -1/15) *
    (1 - e ^ -1/15 - e ^ -1/15)) * -1/2) / 30)) + e ^ (- ((e ^ -1/15 * (1 - e ^
    -1/15 - e ^ -1/15) + e ^ -1/15 * (1 - e ^ -1/15 - e ^ -1/15) + (1 - e ^
    -1/15) * (e ^ -1/15 - (1 - e ^ -1/15)) + (1 - e ^ -1/15) * (e ^ -1/15 - (1
    - e ^ -1/15))) * -1/2 - (e ^ -1/15 * (e ^ -1/15 - (1 - e ^ -1/15)) + e ^
    -1/15 * (e ^ -1/15 - (1 - e ^ -1/15)) + (1 - e ^ -1/15) * (1 - e ^ -1/15 -
    e ^ -1/15) + (1 - e ^ -1/15) * (1 - e ^ -1/15 - e ^ -1/15)) * -1/2) / 30) *
    (1 - e ^ -1/15)) * (1 - [(e ^ -1/15 * (1 - e ^ -1/15 - e ^ -1/15) + e ^
    -1/15 * (1 - e ^ -1/15 - e ^ -1/15) + (1 - e ^ -1/15) * (e ^ -1/15 - (1 - e
    ^ -1/15)) + (1 - e ^ -1/15) * (e ^ -1/15 - (1 - e ^ -1/15))) * -1/2 - (e ^
    -1/15 * (e ^ -1/15 - (1 - e ^ -1/15)) + e ^ -1/15 * (e ^ -1/15 - (1 - e ^
    -1/15)) + (1 - e ^ -1/15) * (1 - e ^ -1/15 - e ^ -1/15) + (1 - e ^ -1/15) *
    (1 - e ^ -1/15 - e ^ -1/15)) * -1/2 < 0]) + (1 - e ^ -1/15) * [(e ^ -1/15 *
    (1 - e ^ -1/15 - e ^ -1/15) + e ^ -1/15 * (1 - e ^ -1/15 - e ^ -1/15) + (1
    - e ^ -1/15) * (e ^ -1/15 - (1 - e ^ -1/15)) + (1 - e ^ -1/15) * (e ^ -1/15
    - (1 - e ^ -1/15))) * -1/2 - (e ^ -1/15 * (e ^ -1/15 - (1 - e ^ -1/15)) + e
    ^ -1/15 * (e ^ -1/15 - (1 - e ^ -1/15)) + (1 - e ^ -1/15) * (1 - e ^ -1/15
    - e ^ -1/15) + (1 - e ^ -1/15) * (1 - e ^ -1/15 - e ^ -1/15)) * -1/2 < 0]]
; < 0,1 > :: [((1 - e ^ -1/15) * (1 - e ^ (- ((e ^ -1/15 * (1 - e ^ -1/15 - e ^
    -1/15) + e ^ -1/15 * (1 - e ^ -1/15 - e ^ -1/15) + (1 - e ^ -1/15) * (e ^
    -1/15 - (1 - e ^ -1/15)) + (1 - e ^ -1/15) * (e ^ -1/15 - (1 - e ^ -1/15)))
    * -1/2 - (e ^ -1/15 * (e ^ -1/15 - (1 - e ^ -1/15)) + e ^ -1/15 * (e ^
    -1/15 - (1 - e ^ -1/15)) + (1 - e ^ -1/15) * (1 - e ^ -1/15 - e ^ -1/15) +
    (1 - e ^ -1/15) * (1 - e ^ -1/15 - e ^ -1/15)) * -1/2) / 30)) + e ^ (e +
    -1/15)) * (1 - [(e ^ -1/15 * (1 - e ^ -1/15 - e ^ -1/15) + e ^ -1/15 * (1 -
    e ^ -1/15 - e ^ -1/15) + (1 - e ^ -1/15) * (e ^ -1/15 - (1 - e ^ -1/15)) +
    (1 - e ^ -1/15) * (e ^ -1/15 - (1 - e ^ -1/15))) * -1/2 - (e ^ -1/15 * (e ^
    -1/15 - (1 - e ^ -1/15)) + e ^ -1/15 * (e ^ -1/15 - (1 - e ^ -1/15)) + (1 -
    e ^ -1/15) * (1 - e ^ -1/15 - e ^ -1/15) + (1 - e ^ -1/15) * (1 - e ^ -1/15
    - e ^ -1/15)) * -1/2 < 0]) + e ^ -1/15 * [(e ^ -1/15 * (1 - e ^ -1/15 - e ^
    -1/15) + e ^ -1/15 * (1 - e ^ -1/15 - e ^ -1/15) + (1 - e ^ -1/15) * (e ^
    -1/15 - (1 - e ^ -1/15)) + (1 - e ^ -1/15) * (e ^ -1/15 - (1 - e ^ -1/15)))
    * -1/2 - (e ^ -1/15 * (e ^ -1/15 - (1 - e ^ -1/15)) + e ^ -1/15 * (e ^
    -1/15 - (1 - e ^ -1/15)) + (1 - e ^ -1/15) * (1 - e ^ -1/15 - e ^ -1/15) +
    (1 - e ^ -1/15) * (1 - e ^ -1/15 - e ^ -1/15)) * -1/2 < 0],(e ^ -1/15 * (1
    - e ^ (- ((e ^ -1/15 * (1 - e ^ -1/15 - e ^ -1/15) + e ^ -1/15 * (1 - e ^
    -1/15 - e ^ -1/15) + (1 - e ^ -1/15) * (e ^ -1/15 - (1 - e ^ -1/15)) + (1 -
    e ^ -1/15) * (e ^ -1/15 - (1 - e ^ -1/15))) * -1/2 - (e ^ -1/15 * (e ^
    -1/15 - (1 - e ^ -1/15)) + e ^ -1/15 * (e ^ -1/15 - (1 - e ^ -1/15)) + (1 -
    e ^ -1/15) * (1 - e ^ -1/15 - e ^ -1/15) + (1 - e ^ -1/15) * (1 - e ^ -1/15
    - e ^ -1/15)) * -1/2) / 30)) + e ^ (- ((e ^ -1/15 * (1 - e ^ -1/15 - e ^
    -1/15) + e ^ -1/15 * (1 - e ^ -1/15 - e ^ -1/15) + (1 - e ^ -1/15) * (e ^
    -1/15 - (1 - e ^ -1/15)) + (1 - e ^ -1/15) * (e ^ -1/15 - (1 - e ^ -1/15)))
    * -1/2 - (e ^ -1/15 * (e ^ -1/15 - (1 - e ^ -1/15)) + e ^ -1/15 * (e ^
    -1/15 - (1 - e ^ -1/15)) + (1 - e ^ -1/15) * (1 - e ^ -1/15 - e ^ -1/15) +
    (1 - e ^ -1/15) * (1 - e ^ -1/15 - e ^ -1/15)) * -1/2) / 30) * (1 - e ^
    -1/15)) * (1 - [(e ^ -1/15 * (1 - e ^ -1/15 - e ^ -1/15) + e ^ -1/15 * (1 -
    e ^ -1/15 - e ^ -1/15) + (1 - e ^ -1/15) * (e ^ -1/15 - (1 - e ^ -1/15)) +
    (1 - e ^ -1/15) * (e ^ -1/15 - (1 - e ^ -1/15))) * -1/2 - (e ^ -1/15 * (e ^
    -1/15 - (1 - e ^ -1/15)) + e ^ -1/15 * (e ^ -1/15 - (1 - e ^ -1/15)) + (1 -
    e ^ -1/15) * (1 - e ^ -1/15 - e ^ -1/15) + (1 - e ^ -1/15) * (1 - e ^ -1/15
    - e ^ -1/15)) * -1/2 < 0]) + (1 - e ^ -1/15) * [(e ^ -1/15 * (1 - e ^ -1/15
    - e ^ -1/15) + e ^ -1/15 * (1 - e ^ -1/15 - e ^ -1/15) + (1 - e ^ -1/15) *
    (e ^ -1/15 - (1 - e ^ -1/15)) + (1 - e ^ -1/15) * (e ^ -1/15 - (1 - e ^
    -1/15))) * -1/2 - (e ^ -1/15 * (e ^ -1/15 - (1 - e ^ -1/15)) + e ^ -1/15 *
    (e ^ -1/15 - (1 - e ^ -1/15)) + (1 - e ^ -1/15) * (1 - e ^ -1/15 - e ^
    -1/15) + (1 - e ^ -1/15) * (1 - e ^ -1/15 - e ^ -1/15)) * -1/2 < 0]]
; < 0,2 > :: [((1 - e ^ -1/15) * (1 - e ^ (- ((e ^ -1/15 * (1 - e ^ -1/15 - e ^
    -1/15) + e ^ -1/15 * (1 - e ^ -1/15 - e ^ -1/15) + (1 - e ^ -1/15) * (e ^
    -1/15 - (1 - e ^ -1/15)) + (1 - e ^ -1/15) * (e ^ -1/15 - (1 - e ^ -1/15)))
    * -1/2 - (e ^ -1/15 * (e ^ -1/15 - (1 - e ^ -1/15)) + e ^ -1/15 * (e ^
    -1/15 - (1 - e ^ -1/15)) + (1 - e ^ -1/15) * (1 - e ^ -1/15 - e ^ -1/15) +
    (1 - e ^ -1/15) * (1 - e ^ -1/15 - e ^ -1/15)) * -1/2) / 30)) + e ^ (e +
    -1/15)) * (1 - [(e ^ -1/15 * (1 - e ^ -1/15 - e ^ -1/15) + e ^ -1/15 * (1 -
    e ^ -1/15 - e ^ -1/15) + (1 - e ^ -1/15) * (e ^ -1/15 - (1 - e ^ -1/15)) +
    (1 - e ^ -1/15) * (e ^ -1/15 - (1 - e ^ -1/15))) * -1/2 - (e ^ -1/15 * (e ^
    -1/15 - (1 - e ^ -1/15)) + e ^ -1/15 * (e ^ -1/15 - (1 - e ^ -1/15)) + (1 -
    e ^ -1/15) * (1 - e ^ -1/15 - e ^ -1/15) + (1 - e ^ -1/15) * (1 - e ^ -1/15
    - e ^ -1/15)) * -1/2 < 0]) + e ^ -1/15 * [(e ^ -1/15 * (1 - e ^ -1/15 - e ^
    -1/15) + e ^ -1/15 * (1 - e ^ -1/15 - e ^ -1/15) + (1 - e ^ -1/15) * (e ^
    -1/15 - (1 - e ^ -1/15)) + (1 - e ^ -1/15) * (e ^ -1/15 - (1 - e ^ -1/15)))
    * -1/2 - (e ^ -1/15 * (e ^ -1/15 - (1 - e ^ -1/15)) + e ^ -1/15 * (e ^
    -1/15 - (1 - e ^ -1/15)) + (1 - e ^ -1/15) * (1 - e ^ -1/15 - e ^ -1/15) +
    (1 - e ^ -1/15) * (1 - e ^ -1/15 - e ^ -1/15)) * -1/2 < 0],(e ^ -1/15 * (1
    - e ^ (- ((e ^ -1/15 * (1 - e ^ -1/15 - e ^ -1/15) + e ^ -1/15 * (1 - e ^
    -1/15 - e ^ -1/15) + (1 - e ^ -1/15) * (e ^ -1/15 - (1 - e ^ -1/15)) + (1 -
    e ^ -1/15) * (e ^ -1/15 - (1 - e ^ -1/15))) * -1/2 - (e ^ -1/15 * (e ^
    -1/15 - (1 - e ^ -1/15)) + e ^ -1/15 * (e ^ -1/15 - (1 - e ^ -1/15)) + (1 -
    e ^ -1/15) * (1 - e ^ -1/15 - e ^ -1/15) + (1 - e ^ -1/15) * (1 - e ^ -1/15
    - e ^ -1/15)) * -1/2) / 30)) + e ^ (- ((e ^ -1/15 * (1 - e ^ -1/15 - e ^
    -1/15) + e ^ -1/15 * (1 - e ^ -1/15 - e ^ -1/15) + (1 - e ^ -1/15) * (e ^
    -1/15 - (1 - e ^ -1/15)) + (1 - e ^ -1/15) * (e ^ -1/15 - (1 - e ^ -1/15)))
    * -1/2 - (e ^ -1/15 * (e ^ -1/15 - (1 - e ^ -1/15)) + e ^ -1/15 * (e ^
    -1/15 - (1 - e ^ -1/15)) + (1 - e ^ -1/15) * (1 - e ^ -1/15 - e ^ -1/15) +
    (1 - e ^ -1/15) * (1 - e ^ -1/15 - e ^ -1/15)) * -1/2) / 30) * (1 - e ^
    -1/15)) * (1 - [(e ^ -1/15 * (1 - e ^ -1/15 - e ^ -1/15) + e ^ -1/15 * (1 -
    e ^ -1/15 - e ^ -1/15) + (1 - e ^ -1/15) * (e ^ -1/15 - (1 - e ^ -1/15)) +
    (1 - e ^ -1/15) * (e ^ -1/15 - (1 - e ^ -1/15))) * -1/2 - (e ^ -1/15 * (e ^
    -1/15 - (1 - e ^ -1/15)) + e ^ -1/15 * (e ^ -1/15 - (1 - e ^ -1/15)) + (1 -
    e ^ -1/15) * (1 - e ^ -1/15 - e ^ -1/15) + (1 - e ^ -1/15) * (1 - e ^ -1/15
    - e ^ -1/15)) * -1/2 < 0]) + (1 - e ^ -1/15) * [(e ^ -1/15 * (1 - e ^ -1/15
    - e ^ -1/15) + e ^ -1/15 * (1 - e ^ -1/15 - e ^ -1/15) + (1 - e ^ -1/15) *
    (e ^ -1/15 - (1 - e ^ -1/15)) + (1 - e ^ -1/15) * (e ^ -1/15 - (1 - e ^
    -1/15))) * -1/2 - (e ^ -1/15 * (e ^ -1/15 - (1 - e ^ -1/15)) + e ^ -1/15 *
    (e ^ -1/15 - (1 - e ^ -1/15)) + (1 - e ^ -1/15) * (1 - e ^ -1/15 - e ^
    -1/15) + (1 - e ^ -1/15) * (1 - e ^ -1/15 - e ^ -1/15)) * -1/2 < 0]]
; < 0,3 > :: [((1 - e ^ -1/15) * (1 - e ^ (- ((e ^ -1/15 * (1 - e ^ -1/15 - e ^
    -1/15) + e ^ -1/15 * (1 - e ^ -1/15 - e ^ -1/15) + (1 - e ^ -1/15) * (e ^
    -1/15 - (1 - e ^ -1/15)) + (1 - e ^ -1/15) * (e ^ -1/15 - (1 - e ^ -1/15)))
    * -1/2 - (e ^ -1/15 * (e ^ -1/15 - (1 - e ^ -1/15)) + e ^ -1/15 * (e ^
    -1/15 - (1 - e ^ -1/15)) + (1 - e ^ -1/15) * (1 - e ^ -1/15 - e ^ -1/15) +
    (1 - e ^ -1/15) * (1 - e ^ -1/15 - e ^ -1/15)) * -1/2) / 30)) + e ^ (e +
    -1/15)) * (1 - [(e ^ -1/15 * (1 - e ^ -1/15 - e ^ -1/15) + e ^ -1/15 * (1 -
    e ^ -1/15 - e ^ -1/15) + (1 - e ^ -1/15) * (e ^ -1/15 - (1 - e ^ -1/15)) +
    (1 - e ^ -1/15) * (e ^ -1/15 - (1 - e ^ -1/15))) * -1/2 - (e ^ -1/15 * (e ^
    -1/15 - (1 - e ^ -1/15)) + e ^ -1/15 * (e ^ -1/15 - (1 - e ^ -1/15)) + (1 -
    e ^ -1/15) * (1 - e ^ -1/15 - e ^ -1/15) + (1 - e ^ -1/15) * (1 - e ^ -1/15
    - e ^ -1/15)) * -1/2 < 0]) + e ^ -1/15 * [(e ^ -1/15 * (1 - e ^ -1/15 - e ^
    -1/15) + e ^ -1/15 * (1 - e ^ -1/15 - e ^ -1/15) + (1 - e ^ -1/15) * (e ^
    -1/15 - (1 - e ^ -1/15)) + (1 - e ^ -1/15) * (e ^ -1/15 - (1 - e ^ -1/15)))
    * -1/2 - (e ^ -1/15 * (e ^ -1/15 - (1 - e ^ -1/15)) + e ^ -1/15 * (e ^
    -1/15 - (1 - e ^ -1/15)) + (1 - e ^ -1/15) * (1 - e ^ -1/15 - e ^ -1/15) +
    (1 - e ^ -1/15) * (1 - e ^ -1/15 - e ^ -1/15)) * -1/2 < 0],(e ^ -1/15 * (1
    - e ^ (- ((e ^ -1/15 * (1 - e ^ -1/15 - e ^ -1/15) + e ^ -1/15 * (1 - e ^
    -1/15 - e ^ -1/15) + (1 - e ^ -1/15) * (e ^ -1/15 - (1 - e ^ -1/15)) + (1 -
    e ^ -1/15) * (e ^ -1/15 - (1 - e ^ -1/15))) * -1/2 - (e ^ -1/15 * (e ^
    -1/15 - (1 - e ^ -1/15)) + e ^ -1/15 * (e ^ -1/15 - (1 - e ^ -1/15)) + (1 -
    e ^ -1/15) * (1 - e ^ -1/15 - e ^ -1/15) + (1 - e ^ -1/15) * (1 - e ^ -1/15
    - e ^ -1/15)) * -1/2) / 30)) + e ^ (- ((e ^ -1/15 * (1 - e ^ -1/15 - e ^
    -1/15) + e ^ -1/15 * (1 - e ^ -1/15 - e ^ -1/15) + (1 - e ^ -1/15) * (e ^
    -1/15 - (1 - e ^ -1/15)) + (1 - e ^ -1/15) * (e ^ -1/15 - (1 - e ^ -1/15)))
    * -1/2 - (e ^ -1/15 * (e ^ -1/15 - (1 - e ^ -1/15)) + e ^ -1/15 * (e ^
    -1/15 - (1 - e ^ -1/15)) + (1 - e ^ -1/15) * (1 - e ^ -1/15 - e ^ -1/15) +
    (1 - e ^ -1/15) * (1 - e ^ -1/15 - e ^ -1/15)) * -1/2) / 30) * (1 - e ^
    -1/15)) * (1 - [(e ^ -1/15 * (1 - e ^ -1/15 - e ^ -1/15) + e ^ -1/15 * (1 -
    e ^ -1/15 - e ^ -1/15) + (1 - e ^ -1/15) * (e ^ -1/15 - (1 - e ^ -1/15)) +
    (1 - e ^ -1/15) * (e ^ -1/15 - (1 - e ^ -1/15))) * -1/2 - (e ^ -1/15 * (e ^
    -1/15 - (1 - e ^ -1/15)) + e ^ -1/15 * (e ^ -1/15 - (1 - e ^ -1/15)) + (1 -
    e ^ -1/15) * (1 - e ^ -1/15 - e ^ -1/15) + (1 - e ^ -1/15) * (1 - e ^ -1/15
    - e ^ -1/15)) * -1/2 < 0]) + (1 - e ^ -1/15) * [(e ^ -1/15 * (1 - e ^ -1/15
    - e ^ -1/15) + e ^ -1/15 * (1 - e ^ -1/15 - e ^ -1/15) + (1 - e ^ -1/15) *
    (e ^ -1/15 - (1 - e ^ -1/15)) + (1 - e ^ -1/15) * (e ^ -1/15 - (1 - e ^
    -1/15))) * -1/2 - (e ^ -1/15 * (e ^ -1/15 - (1 - e ^ -1/15)) + e ^ -1/15 *
    (e ^ -1/15 - (1 - e ^ -1/15)) + (1 - e ^ -1/15) * (1 - e ^ -1/15 - e ^
    -1/15) + (1 - e ^ -1/15) * (1 - e ^ -1/15 - e ^ -1/15)) * -1/2 < 0]]
; < 0,4 > :: [((1 - e ^ -1/15) * (1 - e ^ (- ((e ^ -1/15 * (1 - e ^ -1/15 - e ^
    -1/15) + e ^ -1/15 * (1 - e ^ -1/15 - e ^ -1/15) + (1 - e ^ -1/15) * (e ^
    -1/15 - (1 - e ^ -1/15)) + (1 - e ^ -1/15) * (e ^ -1/15 - (1 - e ^ -1/15)))
    * -1/2 - (e ^ -1/15 * (e ^ -1/15 - (1 - e ^ -1/15)) + e ^ -1/15 * (e ^
    -1/15 - (1 - e ^ -1/15)) + (1 - e ^ -1/15) * (1 - e ^ -1/15 - e ^ -1/15) +
    (1 - e ^ -1/15) * (1 - e ^ -1/15 - e ^ -1/15)) * -1/2) / 30)) + e ^ (e +
    -1/15)) * (1 - [(e ^ -1/15 * (1 - e ^ -1/15 - e ^ -1/15) + e ^ -1/15 * (1 -
    e ^ -1/15 - e ^ -1/15) + (1 - e ^ -1/15) * (e ^ -1/15 - (1 - e ^ -1/15)) +
    (1 - e ^ -1/15) * (e ^ -1/15 - (1 - e ^ -1/15))) * -1/2 - (e ^ -1/15 * (e ^
    -1/15 - (1 - e ^ -1/15)) + e ^ -1/15 * (e ^ -1/15 - (1 - e ^ -1/15)) + (1 -
    e ^ -1/15) * (1 - e ^ -1/15 - e ^ -1/15) + (1 - e ^ -1/15) * (1 - e ^ -1/15
    - e ^ -1/15)) * -1/2 < 0]) + e ^ -1/15 * [(e ^ -1/15 * (1 - e ^ -1/15 - e ^
    -1/15) + e ^ -1/15 * (1 - e ^ -1/15 - e ^ -1/15) + (1 - e ^ -1/15) * (e ^
    -1/15 - (1 - e ^ -1/15)) + (1 - e ^ -1/15) * (e ^ -1/15 - (1 - e ^ -1/15)))
    * -1/2 - (e ^ -1/15 * (e ^ -1/15 - (1 - e ^ -1/15)) + e ^ -1/15 * (e ^
    -1/15 - (1 - e ^ -1/15)) + (1 - e ^ -1/15) * (1 - e ^ -1/15 - e ^ -1/15) +
    (1 - e ^ -1/15) * (1 - e ^ -1/15 - e ^ -1/15)) * -1/2 < 0],(e ^ -1/15 * (1
    - e ^ (- ((e ^ -1/15 * (1 - e ^ -1/15 - e ^ -1/15) + e ^ -1/15 * (1 - e ^
    -1/15 - e ^ -1/15) + (1 - e ^ -1/15) * (e ^ -1/15 - (1 - e ^ -1/15)) + (1 -
    e ^ -1/15) * (e ^ -1/15 - (1 - e ^ -1/15))) * -1/2 - (e ^ -1/15 * (e ^
    -1/15 - (1 - e ^ -1/15)) + e ^ -1/15 * (e ^ -1/15 - (1 - e ^ -1/15)) + (1 -
    e ^ -1/15) * (1 - e ^ -1/15 - e ^ -1/15) + (1 - e ^ -1/15) * (1 - e ^ -1/15
    - e ^ -1/15)) * -1/2) / 30)) + e ^ (- ((e ^ -1/15 * (1 - e ^ -1/15 - e ^
    -1/15) + e ^ -1/15 * (1 - e ^ -1/15 - e ^ -1/15) + (1 - e ^ -1/15) * (e ^
    -1/15 - (1 - e ^ -1/15)) + (1 - e ^ -1/15) * (e ^ -1/15 - (1 - e ^ -1/15)))
    * -1/2 - (e ^ -1/15 * (e ^ -1/15 - (1 - e ^ -1/15)) + e ^ -1/15 * (e ^
    -1/15 - (1 - e ^ -1/15)) + (1 - e ^ -1/15) * (1 - e ^ -1/15 - e ^ -1/15) +
    (1 - e ^ -1/15) * (1 - e ^ -1/15 - e ^ -1/15)) * -1/2) / 30) * (1 - e ^
    -1/15)) * (1 - [(e ^ -1/15 * (1 - e ^ -1/15 - e ^ -1/15) + e ^ -1/15 * (1 -
    e ^ -1/15 - e ^ -1/15) + (1 - e ^ -1/15) * (e ^ -1/15 - (1 - e ^ -1/15)) +
    (1 - e ^ -1/15) * (e ^ -1/15 - (1 - e ^ -1/15))) * -1/2 - (e ^ -1/15 * (e ^
    -1/15 - (1 - e ^ -1/15)) + e ^ -1/15 * (e ^ -1/15 - (1 - e ^ -1/15)) + (1 -
    e ^ -1/15) * (1 - e ^ -1/15 - e ^ -1/15) + (1 - e ^ -1/15) * (1 - e ^ -1/15
    - e ^ -1/15)) * -1/2 < 0]) + (1 - e ^ -1/15) * [(e ^ -1/15 * (1 - e ^ -1/15
    - e ^ -1/15) + e ^ -1/15 * (1 - e ^ -1/15 - e ^ -1/15) + (1 - e ^ -1/15) *
    (e ^ -1/15 - (1 - e ^ -1/15)) + (1 - e ^ -1/15) * (e ^ -1/15 - (1 - e ^
    -1/15))) * -1/2 - (e ^ -1/15 * (e ^ -1/15 - (1 - e ^ -1/15)) + e ^ -1/15 *
    (e ^ -1/15 - (1 - e ^ -1/15)) + (1 - e ^ -1/15) * (1 - e ^ -1/15 - e ^
    -1/15) + (1 - e ^ -1/15) * (1 - e ^ -1/15 - e ^ -1/15)) * -1/2 < 0]]
; < 0,5 > :: [((1 - e ^ -1/15) * (1 - e ^ (- ((e ^ -1/15 * (1 - e ^ -1/15 - e ^
    -1/15) + e ^ -1/15 * (1 - e ^ -1/15 - e ^ -1/15) + (1 - e ^ -1/15) * (e ^
    -1/15 - (1 - e ^ -1/15)) + (1 - e ^ -1/15) * (e ^ -1/15 - (1 - e ^ -1/15)))
    * -1/2 - (e ^ -1/15 * (e ^ -1/15 - (1 - e ^ -1/15)) + e ^ -1/15 * (e ^
    -1/15 - (1 - e ^ -1/15)) + (1 - e ^ -1/15) * (1 - e ^ -1/15 - e ^ -1/15) +
    (1 - e ^ -1/15) * (1 - e ^ -1/15 - e ^ -1/15)) * -1/2) / 30)) + e ^ (e +
    -1/15)) * (1 - [(e ^ -1/15 * (1 - e ^ -1/15 - e ^ -1/15) + e ^ -1/15 * (1 -
    e ^ -1/15 - e ^ -1/15) + (1 - e ^ -1/15) * (e ^ -1/15 - (1 - e ^ -1/15)) +
    (1 - e ^ -1/15) * (e ^ -1/15 - (1 - e ^ -1/15))) * -1/2 - (e ^ -1/15 * (e ^
    -1/15 - (1 - e ^ -1/15)) + e ^ -1/15 * (e ^ -1/15 - (1 - e ^ -1/15)) + (1 -
    e ^ -1/15) * (1 - e ^ -1/15 - e ^ -1/15) + (1 - e ^ -1/15) * (1 - e ^ -1/15
    - e ^ -1/15)) * -1/2 < 0]) + e ^ -1/15 * [(e ^ -1/15 * (1 - e ^ -1/15 - e ^
    -1/15) + e ^ -1/15 * (1 - e ^ -1/15 - e ^ -1/15) + (1 - e ^ -1/15) * (e ^
    -1/15 - (1 - e ^ -1/15)) + (1 - e ^ -1/15) * (e ^ -1/15 - (1 - e ^ -1/15)))
    * -1/2 - (e ^ -1/15 * (e ^ -1/15 - (1 - e ^ -1/15)) + e ^ -1/15 * (e ^
    -1/15 - (1 - e ^ -1/15)) + (1 - e ^ -1/15) * (1 - e ^ -1/15 - e ^ -1/15) +
    (1 - e ^ -1/15) * (1 - e ^ -1/15 - e ^ -1/15)) * -1/2 < 0],(e ^ -1/15 * (1
    - e ^ (- ((e ^ -1/15 * (1 - e ^ -1/15 - e ^ -1/15) + e ^ -1/15 * (1 - e ^
    -1/15 - e ^ -1/15) + (1 - e ^ -1/15) * (e ^ -1/15 - (1 - e ^ -1/15)) + (1 -
    e ^ -1/15) * (e ^ -1/15 - (1 - e ^ -1/15))) * -1/2 - (e ^ -1/15 * (e ^
    -1/15 - (1 - e ^ -1/15)) + e ^ -1/15 * (e ^ -1/15 - (1 - e ^ -1/15)) + (1 -
    e ^ -1/15) * (1 - e ^ -1/15 - e ^ -1/15) + (1 - e ^ -1/15) * (1 - e ^ -1/15
    - e ^ -1/15)) * -1/2) / 30)) + e ^ (- ((e ^ -1/15 * (1 - e ^ -1/15 - e ^
    -1/15) + e ^ -1/15 * (1 - e ^ -1/15 - e ^ -1/15) + (1 - e ^ -1/15) * (e ^
    -1/15 - (1 - e ^ -1/15)) + (1 - e ^ -1/15) * (e ^ -1/15 - (1 - e ^ -1/15)))
    * -1/2 - (e ^ -1/15 * (e ^ -1/15 - (1 - e ^ -1/15)) + e ^ -1/15 * (e ^
    -1/15 - (1 - e ^ -1/15)) + (1 - e ^ -1/15) * (1 - e ^ -1/15 - e ^ -1/15) +
    (1 - e ^ -1/15) * (1 - e ^ -1/15 - e ^ -1/15)) * -1/2) / 30) * (1 - e ^
    -1/15)) * (1 - [(e ^ -1/15 * (1 - e ^ -1/15 - e ^ -1/15) + e ^ -1/15 * (1 -
    e ^ -1/15 - e ^ -1/15) + (1 - e ^ -1/15) * (e ^ -1/15 - (1 - e ^ -1/15)) +
    (1 - e ^ -1/15) * (e ^ -1/15 - (1 - e ^ -1/15))) * -1/2 - (e ^ -1/15 * (e ^
    -1/15 - (1 - e ^ -1/15)) + e ^ -1/15 * (e ^ -1/15 - (1 - e ^ -1/15)) + (1 -
    e ^ -1/15) * (1 - e ^ -1/15 - e ^ -1/15) + (1 - e ^ -1/15) * (1 - e ^ -1/15
    - e ^ -1/15)) * -1/2 < 0]) + (1 - e ^ -1/15) * [(e ^ -1/15 * (1 - e ^ -1/15
    - e ^ -1/15) + e ^ -1/15 * (1 - e ^ -1/15 - e ^ -1/15) + (1 - e ^ -1/15) *
    (e ^ -1/15 - (1 - e ^ -1/15)) + (1 - e ^ -1/15) * (e ^ -1/15 - (1 - e ^
    -1/15))) * -1/2 - (e ^ -1/15 * (e ^ -1/15 - (1 - e ^ -1/15)) + e ^ -1/15 *
    (e ^ -1/15 - (1 - e ^ -1/15)) + (1 - e ^ -1/15) * (1 - e ^ -1/15 - e ^
    -1/15) + (1 - e ^ -1/15) * (1 - e ^ -1/15 - e ^ -1/15)) * -1/2 < 0]]
; < 0,6 > :: [((1 - e ^ -1/15) * (1 - e ^ (- ((e ^ -1/15 * (1 - e ^ -1/15 - e ^
    -1/15) + e ^ -1/15 * (1 - e ^ -1/15 - e ^ -1/15) + (1 - e ^ -1/15) * (e ^
    -1/15 - (1 - e ^ -1/15)) + (1 - e ^ -1/15) * (e ^ -1/15 - (1 - e ^ -1/15)))
    * -1/2 - (e ^ -1/15 * (e ^ -1/15 - (1 - e ^ -1/15)) + e ^ -1/15 * (e ^
    -1/15 - (1 - e ^ -1/15)) + (1 - e ^ -1/15) * (1 - e ^ -1/15 - e ^ -1/15) +
    (1 - e ^ -1/15) * (1 - e ^ -1/15 - e ^ -1/15)) * -1/2) / 30)) + e ^ (e +
    -1/15)) * (1 - [(e ^ -1/15 * (1 - e ^ -1/15 - e ^ -1/15) + e ^ -1/15 * (1 -
    e ^ -1/15 - e ^ -1/15) + (1 - e ^ -1/15) * (e ^ -1/15 - (1 - e ^ -1/15)) +
    (1 - e ^ -1/15) * (e ^ -1/15 - (1 - e ^ -1/15))) * -1/2 - (e ^ -1/15 * (e ^
    -1/15 - (1 - e ^ -1/15)) + e ^ -1/15 * (e ^ -1/15 - (1 - e ^ -1/15)) + (1 -
    e ^ -1/15) * (1 - e ^ -1/15 - e ^ -1/15) + (1 - e ^ -1/15) * (1 - e ^ -1/15
    - e ^ -1/15)) * -1/2 < 0]) + e ^ -1/15 * [(e ^ -1/15 * (1 - e ^ -1/15 - e ^
    -1/15) + e ^ -1/15 * (1 - e ^ -1/15 - e ^ -1/15) + (1 - e ^ -1/15) * (e ^
    -1/15 - (1 - e ^ -1/15)) + (1 - e ^ -1/15) * (e ^ -1/15 - (1 - e ^ -1/15)))
    * -1/2 - (e ^ -1/15 * (e ^ -1/15 - (1 - e ^ -1/15)) + e ^ -1/15 * (e ^
    -1/15 - (1 - e ^ -1/15)) + (1 - e ^ -1/15) * (1 - e ^ -1/15 - e ^ -1/15) +
    (1 - e ^ -1/15) * (1 - e ^ -1/15 - e ^ -1/15)) * -1/2 < 0],(e ^ -1/15 * (1
    - e ^ (- ((e ^ -1/15 * (1 - e ^ -1/15 - e ^ -1/15) + e ^ -1/15 * (1 - e ^
    -1/15 - e ^ -1/15) + (1 - e ^ -1/15) * (e ^ -1/15 - (1 - e ^ -1/15)) + (1 -
    e ^ -1/15) * (e ^ -1/15 - (1 - e ^ -1/15))) * -1/2 - (e ^ -1/15 * (e ^
    -1/15 - (1 - e ^ -1/15)) + e ^ -1/15 * (e ^ -1/15 - (1 - e ^ -1/15)) + (1 -
    e ^ -1/15) * (1 - e ^ -1/15 - e ^ -1/15) + (1 - e ^ -1/15) * (1 - e ^ -1/15
    - e ^ -1/15)) * -1/2) / 30)) + e ^ (- ((e ^ -1/15 * (1 - e ^ -1/15 - e ^
    -1/15) + e ^ -1/15 * (1 - e ^ -1/15 - e ^ -1/15) + (1 - e ^ -1/15) * (e ^
    -1/15 - (1 - e ^ -1/15)) + (1 - e ^ -1/15) * (e ^ -1/15 - (1 - e ^ -1/15)))
    * -1/2 - (e ^ -1/15 * (e ^ -1/15 - (1 - e ^ -1/15)) + e ^ -1/15 * (e ^
    -1/15 - (1 - e ^ -1/15)) + (1 - e ^ -1/15) * (1 - e ^ -1/15 - e ^ -1/15) +
    (1 - e ^ -1/15) * (1 - e ^ -1/15 - e ^ -1/15)) * -1/2) / 30) * (1 - e ^
    -1/15)) * (1 - [(e ^ -1/15 * (1 - e ^ -1/15 - e ^ -1/15) + e ^ -1/15 * (1 -
    e ^ -1/15 - e ^ -1/15) + (1 - e ^ -1/15) * (e ^ -1/15 - (1 - e ^ -1/15)) +
    (1 - e ^ -1/15) * (e ^ -1/15 - (1 - e ^ -1/15))) * -1/2 - (e ^ -1/15 * (e ^
    -1/15 - (1 - e ^ -1/15)) + e ^ -1/15 * (e ^ -1/15 - (1 - e ^ -1/15)) + (1 -
    e ^ -1/15) * (1 - e ^ -1/15 - e ^ -1/15) + (1 - e ^ -1/15) * (1 - e ^ -1/15
    - e ^ -1/15)) * -1/2 < 0]) + (1 - e ^ -1/15) * [(e ^ -1/15 * (1 - e ^ -1/15
    - e ^ -1/15) + e ^ -1/15 * (1 - e ^ -1/15 - e ^ -1/15) + (1 - e ^ -1/15) *
    (e ^ -1/15 - (1 - e ^ -1/15)) + (1 - e ^ -1/15) * (e ^ -1/15 - (1 - e ^
    -1/15))) * -1/2 - (e ^ -1/15 * (e ^ -1/15 - (1 - e ^ -1/15)) + e ^ -1/15 *
    (e ^ -1/15 - (1 - e ^ -1/15)) + (1 - e ^ -1/15) * (1 - e ^ -1/15 - e ^
    -1/15) + (1 - e ^ -1/15) * (1 - e ^ -1/15 - e ^ -1/15)) * -1/2 < 0]]
; < 0,7 > :: [((1 - e ^ -1/15) * (1 - e ^ (- ((e ^ -1/15 * (1 - e ^ -1/15 - e ^
    -1/15) + e ^ -1/15 * (1 - e ^ -1/15 - e ^ -1/15) + (1 - e ^ -1/15) * (e ^
    -1/15 - (1 - e ^ -1/15)) + (1 - e ^ -1/15) * (e ^ -1/15 - (1 - e ^ -1/15)))
    * -1/2 - (e ^ -1/15 * (e ^ -1/15 - (1 - e ^ -1/15)) + e ^ -1/15 * (e ^
    -1/15 - (1 - e ^ -1/15)) + (1 - e ^ -1/15) * (1 - e ^ -1/15 - e ^ -1/15) +
    (1 - e ^ -1/15) * (1 - e ^ -1/15 - e ^ -1/15)) * -1/2) / 30)) + e ^ (e +
    -1/15)) * (1 - [(e ^ -1/15 * (1 - e ^ -1/15 - e ^ -1/15) + e ^ -1/15 * (1 -
    e ^ -1/15 - e ^ -1/15) + (1 - e ^ -1/15) * (e ^ -1/15 - (1 - e ^ -1/15)) +
    (1 - e ^ -1/15) * (e ^ -1/15 - (1 - e ^ -1/15))) * -1/2 - (e ^ -1/15 * (e ^
    -1/15 - (1 - e ^ -1/15)) + e ^ -1/15 * (e ^ -1/15 - (1 - e ^ -1/15)) + (1 -
    e ^ -1/15) * (1 - e ^ -1/15 - e ^ -1/15) + (1 - e ^ -1/15) * (1 - e ^ -1/15
    - e ^ -1/15)) * -1/2 < 0]) + e ^ -1/15 * [(e ^ -1/15 * (1 - e ^ -1/15 - e ^
    -1/15) + e ^ -1/15 * (1 - e ^ -1/15 - e ^ -1/15) + (1 - e ^ -1/15) * (e ^
    -1/15 - (1 - e ^ -1/15)) + (1 - e ^ -1/15) * (e ^ -1/15 - (1 - e ^ -1/15)))
    * -1/2 - (e ^ -1/15 * (e ^ -1/15 - (1 - e ^ -1/15)) + e ^ -1/15 * (e ^
    -1/15 - (1 - e ^ -1/15)) + (1 - e ^ -1/15) * (1 - e ^ -1/15 - e ^ -1/15) +
    (1 - e ^ -1/15) * (1 - e ^ -1/15 - e ^ -1/15)) * -1/2 < 0],(e ^ -1/15 * (1
    - e ^ (- ((e ^ -1/15 * (1 - e ^ -1/15 - e ^ -1/15) + e ^ -1/15 * (1 - e ^
    -1/15 - e ^ -1/15) + (1 - e ^ -1/15) * (e ^ -1/15 - (1 - e ^ -1/15)) + (1 -
    e ^ -1/15) * (e ^ -1/15 - (1 - e ^ -1/15))) * -1/2 - (e ^ -1/15 * (e ^
    -1/15 - (1 - e ^ -1/15)) + e ^ -1/15 * (e ^ -1/15 - (1 - e ^ -1/15)) + (1 -
    e ^ -1/15) * (1 - e ^ -1/15 - e ^ -1/15) + (1 - e ^ -1/15) * (1 - e ^ -1/15
    - e ^ -1/15)) * -1/2) / 30)) + e ^ (- ((e ^ -1/15 * (1 - e ^ -1/15 - e ^
    -1/15) + e ^ -1/15 * (1 - e ^ -1/15 - e ^ -1/15) + (1 - e ^ -1/15) * (e ^
    -1/15 - (1 - e ^ -1/15)) + (1 - e ^ -1/15) * (e ^ -1/15 - (1 - e ^ -1/15)))
    * -1/2 - (e ^ -1/15 * (e ^ -1/15 - (1 - e ^ -1/15)) + e ^ -1/15 * (e ^
    -1/15 - (1 - e ^ -1/15)) + (1 - e ^ -1/15) * (1 - e ^ -1/15 - e ^ -1/15) +
    (1 - e ^ -1/15) * (1 - e ^ -1/15 - e ^ -1/15)) * -1/2) / 30) * (1 - e ^
    -1/15)) * (1 - [(e ^ -1/15 * (1 - e ^ -1/15 - e ^ -1/15) + e ^ -1/15 * (1 -
    e ^ -1/15 - e ^ -1/15) + (1 - e ^ -1/15) * (e ^ -1/15 - (1 - e ^ -1/15)) +
    (1 - e ^ -1/15) * (e ^ -1/15 - (1 - e ^ -1/15))) * -1/2 - (e ^ -1/15 * (e ^
    -1/15 - (1 - e ^ -1/15)) + e ^ -1/15 * (e ^ -1/15 - (1 - e ^ -1/15)) + (1 -
    e ^ -1/15) * (1 - e ^ -1/15 - e ^ -1/15) + (1 - e ^ -1/15) * (1 - e ^ -1/15
    - e ^ -1/15)) * -1/2 < 0]) + (1 - e ^ -1/15) * [(e ^ -1/15 * (1 - e ^ -1/15
    - e ^ -1/15) + e ^ -1/15 * (1 - e ^ -1/15 - e ^ -1/15) + (1 - e ^ -1/15) *
    (e ^ -1/15 - (1 - e ^ -1/15)) + (1 - e ^ -1/15) * (e ^ -1/15 - (1 - e ^
    -1/15))) * -1/2 - (e ^ -1/15 * (e ^ -1/15 - (1 - e ^ -1/15)) + e ^ -1/15 *
    (e ^ -1/15 - (1 - e ^ -1/15)) + (1 - e ^ -1/15) * (1 - e ^ -1/15 - e ^
    -1/15) + (1 - e ^ -1/15) * (1 - e ^ -1/15 - e ^ -1/15)) * -1/2 < 0]]
; < 0,8 > :: [((1 - e ^ -1/15) * (1 - e ^ (- ((e ^ -1/15 * (1 - e ^ -1/15 - e ^
    -1/15) + e ^ -1/15 * (1 - e ^ -1/15 - e ^ -1/15) + (1 - e ^ -1/15) * (e ^
    -1/15 - (1 - e ^ -1/15)) + (1 - e ^ -1/15) * (e ^ -1/15 - (1 - e ^ -1/15)))
    * -1/2 - (e ^ -1/15 * (e ^ -1/15 - (1 - e ^ -1/15)) + e ^ -1/15 * (e ^
    -1/15 - (1 - e ^ -1/15)) + (1 - e ^ -1/15) * (1 - e ^ -1/15 - e ^ -1/15) +
    (1 - e ^ -1/15) * (1 - e ^ -1/15 - e ^ -1/15)) * -1/2) / 30)) + e ^ (e +
    -1/15)) * (1 - [(e ^ -1/15 * (1 - e ^ -1/15 - e ^ -1/15) + e ^ -1/15 * (1 -
    e ^ -1/15 - e ^ -1/15) + (1 - e ^ -1/15) * (e ^ -1/15 - (1 - e ^ -1/15)) +
    (1 - e ^ -1/15) * (e ^ -1/15 - (1 - e ^ -1/15))) * -1/2 - (e ^ -1/15 * (e ^
    -1/15 - (1 - e ^ -1/15)) + e ^ -1/15 * (e ^ -1/15 - (1 - e ^ -1/15)) + (1 -
    e ^ -1/15) * (1 - e ^ -1/15 - e ^ -1/15) + (1 - e ^ -1/15) * (1 - e ^ -1/15
    - e ^ -1/15)) * -1/2 < 0]) + e ^ -1/15 * [(e ^ -1/15 * (1 - e ^ -1/15 - e ^
    -1/15) + e ^ -1/15 * (1 - e ^ -1/15 - e ^ -1/15) + (1 - e ^ -1/15) * (e ^
    -1/15 - (1 - e ^ -1/15)) + (1 - e ^ -1/15) * (e ^ -1/15 - (1 - e ^ -1/15)))
    * -1/2 - (e ^ -1/15 * (e ^ -1/15 - (1 - e ^ -1/15)) + e ^ -1/15 * (e ^
    -1/15 - (1 - e ^ -1/15)) + (1 - e ^ -1/15) * (1 - e ^ -1/15 - e ^ -1/15) +
    (1 - e ^ -1/15) * (1 - e ^ -1/15 - e ^ -1/15)) * -1/2 < 0],(e ^ -1/15 * (1
    - e ^ (- ((e ^ -1/15 * (1 - e ^ -1/15 - e ^ -1/15) + e ^ -1/15 * (1 - e ^
    -1/15 - e ^ -1/15) + (1 - e ^ -1/15) * (e ^ -1/15 - (1 - e ^ -1/15)) + (1 -
    e ^ -1/15) * (e ^ -1/15 - (1 - e ^ -1/15))) * -1/2 - (e ^ -1/15 * (e ^
    -1/15 - (1 - e ^ -1/15)) + e ^ -1/15 * (e ^ -1/15 - (1 - e ^ -1/15)) + (1 -
    e ^ -1/15) * (1 - e ^ -1/15 - e ^ -1/15) + (1 - e ^ -1/15) * (1 - e ^ -1/15
    - e ^ -1/15)) * -1/2) / 30)) + e ^ (- ((e ^ -1/15 * (1 - e ^ -1/15 - e ^
    -1/15) + e ^ -1/15 * (1 - e ^ -1/15 - e ^ -1/15) + (1 - e ^ -1/15) * (e ^
    -1/15 - (1 - e ^ -1/15)) + (1 - e ^ -1/15) * (e ^ -1/15 - (1 - e ^ -1/15)))
    * -1/2 - (e ^ -1/15 * (e ^ -1/15 - (1 - e ^ -1/15)) + e ^ -1/15 * (e ^
    -1/15 - (1 - e ^ -1/15)) + (1 - e ^ -1/15) * (1 - e ^ -1/15 - e ^ -1/15) +
    (1 - e ^ -1/15) * (1 - e ^ -1/15 - e ^ -1/15)) * -1/2) / 30) * (1 - e ^
    -1/15)) * (1 - [(e ^ -1/15 * (1 - e ^ -1/15 - e ^ -1/15) + e ^ -1/15 * (1 -
    e ^ -1/15 - e ^ -1/15) + (1 - e ^ -1/15) * (e ^ -1/15 - (1 - e ^ -1/15)) +
    (1 - e ^ -1/15) * (e ^ -1/15 - (1 - e ^ -1/15))) * -1/2 - (e ^ -1/15 * (e ^
    -1/15 - (1 - e ^ -1/15)) + e ^ -1/15 * (e ^ -1/15 - (1 - e ^ -1/15)) + (1 -
    e ^ -1/15) * (1 - e ^ -1/15 - e ^ -1/15) + (1 - e ^ -1/15) * (1 - e ^ -1/15
    - e ^ -1/15)) * -1/2 < 0]) + (1 - e ^ -1/15) * [(e ^ -1/15 * (1 - e ^ -1/15
    - e ^ -1/15) + e ^ -1/15 * (1 - e ^ -1/15 - e ^ -1/15) + (1 - e ^ -1/15) *
    (e ^ -1/15 - (1 - e ^ -1/15)) + (1 - e ^ -1/15) * (e ^ -1/15 - (1 - e ^
    -1/15))) * -1/2 - (e ^ -1/15 * (e ^ -1/15 - (1 - e ^ -1/15)) + e ^ -1/15 *
    (e ^ -1/15 - (1 - e ^ -1/15)) + (1 - e ^ -1/15) * (1 - e ^ -1/15 - e ^
    -1/15) + (1 - e ^ -1/15) * (1 - e ^ -1/15 - e ^ -1/15)) * -1/2 < 0]]
; < 0,9 > :: [((1 - e ^ -1/15) * (1 - e ^ (- ((e ^ -1/15 * (1 - e ^ -1/15 - e ^
    -1/15) + e ^ -1/15 * (1 - e ^ -1/15 - e ^ -1/15) + (1 - e ^ -1/15) * (e ^
    -1/15 - (1 - e ^ -1/15)) + (1 - e ^ -1/15) * (e ^ -1/15 - (1 - e ^ -1/15)))
    * -1/2 - (e ^ -1/15 * (e ^ -1/15 - (1 - e ^ -1/15)) + e ^ -1/15 * (e ^
    -1/15 - (1 - e ^ -1/15)) + (1 - e ^ -1/15) * (1 - e ^ -1/15 - e ^ -1/15) +
    (1 - e ^ -1/15) * (1 - e ^ -1/15 - e ^ -1/15)) * -1/2) / 30)) + e ^ (e +
    -1/15)) * (1 - [(e ^ -1/15 * (1 - e ^ -1/15 - e ^ -1/15) + e ^ -1/15 * (1 -
    e ^ -1/15 - e ^ -1/15) + (1 - e ^ -1/15) * (e ^ -1/15 - (1 - e ^ -1/15)) +
    (1 - e ^ -1/15) * (e ^ -1/15 - (1 - e ^ -1/15))) * -1/2 - (e ^ -1/15 * (e ^
    -1/15 - (1 - e ^ -1/15)) + e ^ -1/15 * (e ^ -1/15 - (1 - e ^ -1/15)) + (1 -
    e ^ -1/15) * (1 - e ^ -1/15 - e ^ -1/15) + (1 - e ^ -1/15) * (1 - e ^ -1/15
    - e ^ -1/15)) * -1/2 < 0]) + e ^ -1/15 * [(e ^ -1/15 * (1 - e ^ -1/15 - e ^
    -1/15) + e ^ -1/15 * (1 - e ^ -1/15 - e ^ -1/15) + (1 - e ^ -1/15) * (e ^
    -1/15 - (1 - e ^ -1/15)) + (1 - e ^ -1/15) * (e ^ -1/15 - (1 - e ^ -1/15)))
    * -1/2 - (e ^ -1/15 * (e ^ -1/15 - (1 - e ^ -1/15)) + e ^ -1/15 * (e ^
    -1/15 - (1 - e ^ -1/15)) + (1 - e ^ -1/15) * (1 - e ^ -1/15 - e ^ -1/15) +
    (1 - e ^ -1/15) * (1 - e ^ -1/15 - e ^ -1/15)) * -1/2 < 0],(e ^ -1/15 * (1
    - e ^ (- ((e ^ -1/15 * (1 - e ^ -1/15 - e ^ -1/15) + e ^ -1/15 * (1 - e ^
    -1/15 - e ^ -1/15) + (1 - e ^ -1/15) * (e ^ -1/15 - (1 - e ^ -1/15)) + (1 -
    e ^ -1/15) * (e ^ -1/15 - (1 - e ^ -1/15))) * -1/2 - (e ^ -1/15 * (e ^
    -1/15 - (1 - e ^ -1/15)) + e ^ -1/15 * (e ^ -1/15 - (1 - e ^ -1/15)) + (1 -
    e ^ -1/15) * (1 - e ^ -1/15 - e ^ -1/15) + (1 - e ^ -1/15) * (1 - e ^ -1/15
    - e ^ -1/15)) * -1/2) / 30)) + e ^ (- ((e ^ -1/15 * (1 - e ^ -1/15 - e ^
    -1/15) + e ^ -1/15 * (1 - e ^ -1/15 - e ^ -1/15) + (1 - e ^ -1/15) * (e ^
    -1/15 - (1 - e ^ -1/15)) + (1 - e ^ -1/15) * (e ^ -1/15 - (1 - e ^ -1/15)))
    * -1/2 - (e ^ -1/15 * (e ^ -1/15 - (1 - e ^ -1/15)) + e ^ -1/15 * (e ^
    -1/15 - (1 - e ^ -1/15)) + (1 - e ^ -1/15) * (1 - e ^ -1/15 - e ^ -1/15) +
    (1 - e ^ -1/15) * (1 - e ^ -1/15 - e ^ -1/15)) * -1/2) / 30) * (1 - e ^
    -1/15)) * (1 - [(e ^ -1/15 * (1 - e ^ -1/15 - e ^ -1/15) + e ^ -1/15 * (1 -
    e ^ -1/15 - e ^ -1/15) + (1 - e ^ -1/15) * (e ^ -1/15 - (1 - e ^ -1/15)) +
    (1 - e ^ -1/15) * (e ^ -1/15 - (1 - e ^ -1/15))) * -1/2 - (e ^ -1/15 * (e ^
    -1/15 - (1 - e ^ -1/15)) + e ^ -1/15 * (e ^ -1/15 - (1 - e ^ -1/15)) + (1 -
    e ^ -1/15) * (1 - e ^ -1/15 - e ^ -1/15) + (1 - e ^ -1/15) * (1 - e ^ -1/15
    - e ^ -1/15)) * -1/2 < 0]) + (1 - e ^ -1/15) * [(e ^ -1/15 * (1 - e ^ -1/15
    - e ^ -1/15) + e ^ -1/15 * (1 - e ^ -1/15 - e ^ -1/15) + (1 - e ^ -1/15) *
    (e ^ -1/15 - (1 - e ^ -1/15)) + (1 - e ^ -1/15) * (e ^ -1/15 - (1 - e ^
    -1/15))) * -1/2 - (e ^ -1/15 * (e ^ -1/15 - (1 - e ^ -1/15)) + e ^ -1/15 *
    (e ^ -1/15 - (1 - e ^ -1/15)) + (1 - e ^ -1/15) * (1 - e ^ -1/15 - e ^
    -1/15) + (1 - e ^ -1/15) * (1 - e ^ -1/15 - e ^ -1/15)) * -1/2 < 0]]
==========================================
search [1] in PSISING-MAUDEL-10-SITE : [init(2)] =>* {CS:Cells} .

Solution 1 (state 1)
states: 2  rewrites: 1530
CS:Cells --> < 0,0 > :: [1/2,1/2]
; < 0,1 > :: [e ^ -1/240 * 3/4 + (1 - e ^ -1/240) * 1/4,e ^ -1/240 * 1/4 + (1 -
    e ^ -1/240) * 3/4]
; < 0,2 > :: [(e ^ (- (((x - (1 - x)) * 5/8 + (1 - x - x) * 3/8 + -1/8) * -1/2
    - ((x - (1 - x)) * 3/8 + (1 - x - x) * 5/8 + 1/8) * -1/2) / 30) * 5/8 + (1
    - e ^ (- (((x - (1 - x)) * 5/8 + (1 - x - x) * 3/8 + -1/8) * -1/2 - ((x - (
    1 - x)) * 3/8 + (1 - x - x) * 5/8 + 1/8) * -1/2) / 30)) * 3/8) * (1 - [((x
    - (1 - x)) * 5/8 + (1 - x - x) * 3/8 + -1/8) * -1/2 - ((x - (1 - x)) * 3/8
    + (1 - x - x) * 5/8 + 1/8) * -1/2 < 0]) + 5/8 * [((x - (1 - x)) * 5/8 + (1
    - x - x) * 3/8 + -1/8) * -1/2 - ((x - (1 - x)) * 3/8 + (1 - x - x) * 5/8 +
    1/8) * -1/2 < 0],(e ^ (- (((x - (1 - x)) * 5/8 + (1 - x - x) * 3/8 + -1/8)
    * -1/2 - ((x - (1 - x)) * 3/8 + (1 - x - x) * 5/8 + 1/8) * -1/2) / 30) *
    3/8 + (1 - e ^ (- (((x - (1 - x)) * 5/8 + (1 - x - x) * 3/8 + -1/8) * -1/2
    - ((x - (1 - x)) * 3/8 + (1 - x - x) * 5/8 + 1/8) * -1/2) / 30)) * 5/8) * (
    1 - [((x - (1 - x)) * 5/8 + (1 - x - x) * 3/8 + -1/8) * -1/2 - ((x - (1 -
    x)) * 3/8 + (1 - x - x) * 5/8 + 1/8) * -1/2 < 0]) + 3/8 * [((x - (1 - x)) *
    5/8 + (1 - x - x) * 3/8 + -1/8) * -1/2 - ((x - (1 - x)) * 3/8 + (1 - x - x)
    * 5/8 + 1/8) * -1/2 < 0]]
; < 0,3 > :: [(x * (1 - e ^ (- ((x * 1/4 + x * -1/3 + (1 - x) * 1/3 + (1 - x) *
    -1/4) * -1/2 - (x * 1/3 + x * -1/4 + (1 - x) * 1/4 + (1 - x) * -1/3) *
    -1/2) / 30)) + e ^ (- ((x * 1/4 + x * -1/3 + (1 - x) * 1/3 + (1 - x) *
    -1/4) * -1/2 - (x * 1/3 + x * -1/4 + (1 - x) * 1/4 + (1 - x) * -1/3) *
    -1/2) / 30) * (1 - x)) * (1 - [(x * 1/4 + x * -1/3 + (1 - x) * 1/3 + (1 -
    x) * -1/4) * -1/2 - (x * 1/3 + x * -1/4 + (1 - x) * 1/4 + (1 - x) * -1/3) *
    -1/2 < 0]) + (1 - x) * [(x * 1/4 + x * -1/3 + (1 - x) * 1/3 + (1 - x) *
    -1/4) * -1/2 - (x * 1/3 + x * -1/4 + (1 - x) * 1/4 + (1 - x) * -1/3) * -1/2
    < 0],x * [(x * 1/4 + x * -1/3 + (1 - x) * 1/3 + (1 - x) * -1/4) * -1/2 - (x
    * 1/3 + x * -1/4 + (1 - x) * 1/4 + (1 - x) * -1/3) * -1/2 < 0] + (x * e ^ (
    - ((x * 1/4 + x * -1/3 + (1 - x) * 1/3 + (1 - x) * -1/4) * -1/2 - (x * 1/3
    + x * -1/4 + (1 - x) * 1/4 + (1 - x) * -1/3) * -1/2) / 30) + (1 - x) * (1 -
    e ^ (- ((x * 1/4 + x * -1/3 + (1 - x) * 1/3 + (1 - x) * -1/4) * -1/2 - (x *
    1/3 + x * -1/4 + (1 - x) * 1/4 + (1 - x) * -1/3) * -1/2) / 30))) * (1 - [(x
    * 1/4 + x * -1/3 + (1 - x) * 1/3 + (1 - x) * -1/4) * -1/2 - (x * 1/3 + x *
    -1/4 + (1 - x) * 1/4 + (1 - x) * -1/3) * -1/2 < 0])]
; < 0,4 > :: [(e ^ (- (((x - (1 - x)) * 1/3 + (1 - x - x) * 2/3 + -1/3) * -1/2
    - ((x - (1 - x)) * 2/3 + (1 - x - x) * 1/3 + 1/3) * -1/2) / 30) * 1/3 + (1
    - e ^ (- (((x - (1 - x)) * 1/3 + (1 - x - x) * 2/3 + -1/3) * -1/2 - ((x - (
    1 - x)) * 2/3 + (1 - x - x) * 1/3 + 1/3) * -1/2) / 30)) * 2/3) * (1 - [((x
    - (1 - x)) * 1/3 + (1 - x - x) * 2/3 + -1/3) * -1/2 - ((x - (1 - x)) * 2/3
    + (1 - x - x) * 1/3 + 1/3) * -1/2 < 0]) + 1/3 * [((x - (1 - x)) * 1/3 + (1
    - x - x) * 2/3 + -1/3) * -1/2 - ((x - (1 - x)) * 2/3 + (1 - x - x) * 1/3 +
    1/3) * -1/2 < 0],(e ^ (- (((x - (1 - x)) * 1/3 + (1 - x - x) * 2/3 + -1/3)
    * -1/2 - ((x - (1 - x)) * 2/3 + (1 - x - x) * 1/3 + 1/3) * -1/2) / 30) *
    2/3 + (1 - e ^ (- (((x - (1 - x)) * 1/3 + (1 - x - x) * 2/3 + -1/3) * -1/2
    - ((x - (1 - x)) * 2/3 + (1 - x - x) * 1/3 + 1/3) * -1/2) / 30)) * 1/3) * (
    1 - [((x - (1 - x)) * 1/3 + (1 - x - x) * 2/3 + -1/3) * -1/2 - ((x - (1 -
    x)) * 2/3 + (1 - x - x) * 1/3 + 1/3) * -1/2 < 0]) + 2/3 * [((x - (1 - x)) *
    1/3 + (1 - x - x) * 2/3 + -1/3) * -1/2 - ((x - (1 - x)) * 2/3 + (1 - x - x)
    * 1/3 + 1/3) * -1/2 < 0]]
; < 0,5 > :: [0,1]
; < 0,6 > :: [1,0]
; < 0,7 > :: [e ^ -1/15,1 - e ^ -1/15]
; < 0,8 > :: [e ^ -1/15,1 - e ^ -1/15]
; < 0,9 > :: [e ^ -1/30,1 - e ^ -1/30]
Bye.
